../Drivers/STM32F4xx_HAL_Driver/Inc/stm32f4xx_ll_tim.h:1446:22:LL_TIM_SetAutoReload	16	static
../Drivers/STM32F4xx_HAL_Driver/Inc/stm32f4xx_ll_tim.h:3182:22:LL_TIM_ClearFlag_UPDATE	16	static
/Users/j93es/workspace/c/lottery-wheel/lottery-wheel/External Library/Inc/custom_gpio.h:54:20:Custom_GPIO_Set_t	16	static
/Users/j93es/workspace/c/lottery-wheel/lottery-wheel/Main/Inc/motor.h:40:22:Motor_L_TIM3_IRQ	8	static
/Users/j93es/workspace/c/lottery-wheel/lottery-wheel/Main/Inc/drive_speed_ctrl.h:94:22:Motor_L_Speed_Control	16	static
/Users/j93es/workspace/c/lottery-wheel/lottery-wheel/Main/Inc/drive_speed_ctrl.h:100:22:Motor_R_Speed_Control	16	static
/Users/j93es/workspace/c/lottery-wheel/lottery-wheel/Main/Inc/drive_speed_ctrl.h:108:22:Drive_TIM9_IRQ	8	static
../Core/Src/stm32f4xx_it.c:73:6:NMI_Handler	4	static
../Core/Src/stm32f4xx_it.c:87:6:HardFault_Handler	8	static
../Core/Src/stm32f4xx_it.c:103:6:MemManage_Handler	8	static
../Core/Src/stm32f4xx_it.c:119:6:BusFault_Handler	8	static
../Core/Src/stm32f4xx_it.c:135:6:UsageFault_Handler	8	static
../Core/Src/stm32f4xx_it.c:151:6:SVC_Handler	4	static
../Core/Src/stm32f4xx_it.c:164:6:DebugMon_Handler	4	static
../Core/Src/stm32f4xx_it.c:177:6:PendSV_Handler	4	static
../Core/Src/stm32f4xx_it.c:189:6:SysTick_Handler	4	static
../Core/Src/stm32f4xx_it.c:209:6:TIM1_BRK_TIM9_IRQHandler	8	static
../Core/Src/stm32f4xx_it.c:223:6:TIM3_IRQHandler	8	static
../Core/Src/stm32f4xx_it.c:236:6:TIM4_IRQHandler	4	static
